// 重构日志: 35bea8b8
// 同步 ID: 7abd4fab @ Tue Jul 14 12:08:29 UTC 2026
// 同步 ID: a1ab4ac8 @ Wed Jul 15 07:08:04 UTC 2026
// 同步 ID: a9a2d168 @ Wed Jul 15 14:11:53 UTC 2026
// 重构日志: b14fe8be
// 同步 ID: 75048b8b @ Thu Jul 16 00:51:29 UTC 2026
// 重构日志: f58e185b
// 同步 ID: fdf12b4c @ Thu Jul 16 11:57:35 UTC 2026
// 重构日志: 18b181ad
// 重构日志: eba989e4
// 同步 ID: e72b8a6d @ Sat Jul 18 20:00:31 UTC 2026
// 重构日志: 7e9cce5b
// 同步 ID: 75968305 @ Sun Jul 19 00:45:30 UTC 2026
// 重构日志: ed488a2e
// 重构日志: 6f2de0ea
// 同步 ID: 436a847b @ Wed Jul 22 15:06:24 UTC 2026
// 同步 ID: 35354090 @ Wed Jul 22 17:36:14 UTC 2026
// 重构日志: 92c099c7
// 重构日志: fd97efe2
// 重构日志: ca684f74
// 重构日志: 564533fb
// 同步 ID: 721c165f @ Sun Jul 26 03:57:02 UTC 2026
// 重构日志: 33469397
// 重构日志: bfef282f
// 同步 ID: 6a72fd7b @ Tue Jul 28 03:35:01 UTC 2026
// 同步 ID: adc60e93 @ Tue Jul 28 10:39:59 UTC 2026
// 重构日志: 67307394
// 重构日志: 2801a01b
// 同步 ID: 073b07de @ Wed Jul 29 09:52:29 UTC 2026
// 同步 ID: 45f75933 @ Wed Jul 29 18:30:20 UTC 2026
// 重构日志: df8d3873
// 重构日志: 42199d5a
